[2023-07-08T02:19:17.955+0000][3541][info][gc,init] CardTable entry size: 512
[2023-07-08T02:19:17.955+0000][3541][info][gc     ] Using G1
[2023-07-08T02:19:21.065+0000][3541][info][gc,init] Version: 20.0.1+9-29 (release)
[2023-07-08T02:19:21.065+0000][3541][info][gc,init] CPUs: 4 total, 4 available
[2023-07-08T02:19:21.066+0000][3541][info][gc,init] Memory: 3704M
[2023-07-08T02:19:21.066+0000][3541][info][gc,init] Large Page Support: Disabled
[2023-07-08T02:19:21.066+0000][3541][info][gc,init] NUMA Support: Disabled
[2023-07-08T02:19:21.066+0000][3541][info][gc,init] Compressed Oops: Enabled (32-bit)
[2023-07-08T02:19:21.066+0000][3541][info][gc,init] Heap Region Size: 4M
[2023-07-08T02:19:21.066+0000][3541][info][gc,init] Heap Min Capacity: 1852M
[2023-07-08T02:19:21.066+0000][3541][info][gc,init] Heap Initial Capacity: 1852M
[2023-07-08T02:19:21.066+0000][3541][info][gc,init] Heap Max Capacity: 1852M
[2023-07-08T02:19:21.066+0000][3541][info][gc,init] Pre-touch: Enabled
[2023-07-08T02:19:21.066+0000][3541][info][gc,init] Parallel Workers: 4
[2023-07-08T02:19:21.066+0000][3541][info][gc,init] Concurrent Workers: 1
[2023-07-08T02:19:21.066+0000][3541][info][gc,init] Concurrent Refinement Workers: 4
[2023-07-08T02:19:21.066+0000][3541][info][gc,init] Periodic GC: Disabled
[2023-07-08T02:19:21.066+0000][3541][info][gc,metaspace] CDS archive(s) mapped at: [0x0000000800000000-0x0000000800c73000-0x0000000800c73000), size 13053952, SharedBaseAddress: 0x0000000800000000, ArchiveRelocationMode: 0.
[2023-07-08T02:19:21.066+0000][3541][info][gc,metaspace] Compressed class space mapped at: 0x0000000801000000-0x0000000841000000, reserved size: 1073741824
[2023-07-08T02:19:21.066+0000][3541][info][gc,metaspace] Narrow klass base: 0x0000000800000000, Narrow klass shift: 0, Narrow klass range: 0x100000000
[2023-07-08T02:19:21.392+0000][3541][info][safepoint   ] Safepoint "ICBufferFull", Time since last: 296653299 ns, Reaching safepoint: 2044 ns, Cleanup: 169535 ns, At safepoint: 27027 ns, Total: 198606 ns
[2023-07-08T02:19:21.698+0000][3541][info][safepoint   ] Safepoint "ICBufferFull", Time since last: 306549387 ns, Reaching safepoint: 99804 ns, Cleanup: 87779 ns, At safepoint: 13117 ns, Total: 200700 ns
[2023-07-08T02:19:22.010+0000][3541][info][safepoint   ] Safepoint "ICBufferFull", Time since last: 311624081 ns, Reaching safepoint: 2070 ns, Cleanup: 161793 ns, At safepoint: 15204 ns, Total: 179067 ns
[2023-07-08T02:19:22.330+0000][3541][info][safepoint   ] Safepoint "ICBufferFull", Time since last: 319659755 ns, Reaching safepoint: 2483 ns, Cleanup: 135166 ns, At safepoint: 4919 ns, Total: 142568 ns
[2023-07-08T02:19:22.458+0000][3541][info][gc,start    ] GC(0) Pause Young (Normal) (G1 Evacuation Pause)
[2023-07-08T02:19:22.458+0000][3541][info][gc,task     ] GC(0) Using 4 workers of 4 for evacuation
[2023-07-08T02:19:22.458+0000][3541][debug][gc,age      ] GC(0) Desired survivor size 6291456 bytes, new threshold 15 (max threshold 15)
[2023-07-08T02:19:22.464+0000][3541][info ][gc,phases   ] GC(0)   Pre Evacuate Collection Set: 0.1ms
[2023-07-08T02:19:22.464+0000][3541][info ][gc,phases   ] GC(0)   Merge Heap Roots: 0.1ms
[2023-07-08T02:19:22.464+0000][3541][info ][gc,phases   ] GC(0)   Evacuate Collection Set: 4.4ms
[2023-07-08T02:19:22.464+0000][3541][info ][gc,phases   ] GC(0)   Post Evacuate Collection Set: 1.0ms
[2023-07-08T02:19:22.464+0000][3541][info ][gc,phases   ] GC(0)   Other: 0.1ms
[2023-07-08T02:19:22.464+0000][3541][trace][gc,age      ] GC(0) Age table with threshold 15 (max threshold 15)
[2023-07-08T02:19:22.464+0000][3541][trace][gc,age      ] GC(0) - age   1:    8594704 bytes,    8594704 total
[2023-07-08T02:19:22.464+0000][3541][info ][gc,heap     ] GC(0) Eden regions: 23->0(20)
[2023-07-08T02:19:22.464+0000][3541][info ][gc,heap     ] GC(0) Survivor regions: 0->3(3)
[2023-07-08T02:19:22.464+0000][3541][info ][gc,heap     ] GC(0) Old regions: 0->0
[2023-07-08T02:19:22.464+0000][3541][info ][gc,heap     ] GC(0) Archive regions: 2->2
[2023-07-08T02:19:22.464+0000][3541][info ][gc,heap     ] GC(0) Humongous regions: 0->0
[2023-07-08T02:19:22.464+0000][3541][info ][gc,metaspace] GC(0) Metaspace: 15654K(16192K)->15654K(16192K) NonClass: 13830K(14144K)->13830K(14144K) Class: 1824K(2048K)->1824K(2048K)
[2023-07-08T02:19:22.464+0000][3541][info ][gc          ] GC(0) Pause Young (Normal) (G1 Evacuation Pause) 95M->12M(1852M) 5.882ms
[2023-07-08T02:19:22.464+0000][3541][info ][gc,cpu      ] GC(0) User=0.01s Sys=0.00s Real=0.01s
[2023-07-08T02:19:22.464+0000][3541][info ][safepoint   ] Safepoint "G1CollectForAllocation", Time since last: 127671264 ns, Reaching safepoint: 2910 ns, Cleanup: 536137 ns, At safepoint: 5940197 ns, Total: 6479244 ns
[2023-07-08T02:19:22.892+0000][3541][info ][safepoint   ] Safepoint "ICBufferFull", Time since last: 427906291 ns, Reaching safepoint: 3043 ns, Cleanup: 131345 ns, At safepoint: 3445 ns, Total: 137833 ns
[2023-07-08T02:19:23.050+0000][3541][info ][gc,start    ] GC(1) Pause Young (Normal) (G1 Evacuation Pause)
[2023-07-08T02:19:23.050+0000][3541][info ][gc,task     ] GC(1) Using 4 workers of 4 for evacuation
[2023-07-08T02:19:23.050+0000][3541][debug][gc,age      ] GC(1) Desired survivor size 6291456 bytes, new threshold 1 (max threshold 15)
[2023-07-08T02:19:23.060+0000][3541][info ][gc,phases   ] GC(1)   Pre Evacuate Collection Set: 0.1ms
[2023-07-08T02:19:23.060+0000][3541][info ][gc,phases   ] GC(1)   Merge Heap Roots: 0.5ms
[2023-07-08T02:19:23.060+0000][3541][info ][gc,phases   ] GC(1)   Evacuate Collection Set: 7.7ms
[2023-07-08T02:19:23.060+0000][3541][info ][gc,phases   ] GC(1)   Post Evacuate Collection Set: 0.8ms
[2023-07-08T02:19:23.060+0000][3541][info ][gc,phases   ] GC(1)   Other: 0.1ms
[2023-07-08T02:19:23.060+0000][3541][trace][gc,age      ] GC(1) Age table with threshold 1 (max threshold 15)
[2023-07-08T02:19:23.060+0000][3541][trace][gc,age      ] GC(1) - age   1:    2237000 bytes,    2237000 total
[2023-07-08T02:19:23.060+0000][3541][info ][gc,heap     ] GC(1) Eden regions: 20->0(25)
[2023-07-08T02:19:23.060+0000][3541][info ][gc,heap     ] GC(1) Survivor regions: 3->1(3)
[2023-07-08T02:19:23.060+0000][3541][info ][gc,heap     ] GC(1) Old regions: 0->2
[2023-07-08T02:19:23.060+0000][3541][info ][gc,heap     ] GC(1) Archive regions: 2->2
[2023-07-08T02:19:23.060+0000][3541][info ][gc,heap     ] GC(1) Humongous regions: 0->0
[2023-07-08T02:19:23.060+0000][3541][info ][gc,metaspace] GC(1) Metaspace: 17642K(18112K)->17642K(18112K) NonClass: 15615K(15872K)->15615K(15872K) Class: 2027K(2240K)->2027K(2240K)
[2023-07-08T02:19:23.060+0000][3541][info ][gc          ] GC(1) Pause Young (Normal) (G1 Evacuation Pause) 92M->14M(1852M) 9.320ms
[2023-07-08T02:19:23.060+0000][3541][info ][gc,cpu      ] GC(1) User=0.04s Sys=0.00s Real=0.01s
[2023-07-08T02:19:23.060+0000][3541][info ][safepoint   ] Safepoint "G1CollectForAllocation", Time since last: 158131614 ns, Reaching safepoint: 4813 ns, Cleanup: 76239 ns, At safepoint: 9417168 ns, Total: 9498220 ns
[2023-07-08T02:19:23.372+0000][3541][info ][gc,start    ] GC(2) Pause Young (Normal) (G1 Evacuation Pause)
[2023-07-08T02:19:23.372+0000][3541][info ][gc,task     ] GC(2) Using 4 workers of 4 for evacuation
[2023-07-08T02:19:23.372+0000][3541][debug][gc,age      ] GC(2) Desired survivor size 8388608 bytes, new threshold 15 (max threshold 15)
[2023-07-08T02:19:23.374+0000][3541][info ][gc,phases   ] GC(2)   Pre Evacuate Collection Set: 0.1ms
[2023-07-08T02:19:23.374+0000][3541][info ][gc,phases   ] GC(2)   Merge Heap Roots: 0.0ms
[2023-07-08T02:19:23.374+0000][3541][info ][gc,phases   ] GC(2)   Evacuate Collection Set: 1.5ms
[2023-07-08T02:19:23.374+0000][3541][info ][gc,phases   ] GC(2)   Post Evacuate Collection Set: 0.4ms
[2023-07-08T02:19:23.374+0000][3541][info ][gc,phases   ] GC(2)   Other: 0.0ms
[2023-07-08T02:19:23.374+0000][3541][trace][gc,age      ] GC(2) Age table with threshold 15 (max threshold 15)
[2023-07-08T02:19:23.374+0000][3541][trace][gc,age      ] GC(2) - age   1:    2104088 bytes,    2104088 total
[2023-07-08T02:19:23.374+0000][3541][trace][gc,age      ] GC(2) - age   2:    1571248 bytes,    3675336 total
[2023-07-08T02:19:23.374+0000][3541][info ][gc,heap     ] GC(2) Eden regions: 25->0(276)
[2023-07-08T02:19:23.374+0000][3541][info ][gc,heap     ] GC(2) Survivor regions: 1->1(4)
[2023-07-08T02:19:23.374+0000][3541][info ][gc,heap     ] GC(2) Old regions: 2->2
[2023-07-08T02:19:23.374+0000][3541][info ][gc,heap     ] GC(2) Archive regions: 2->2
[2023-07-08T02:19:23.374+0000][3541][info ][gc,heap     ] GC(2) Humongous regions: 0->0
[2023-07-08T02:19:23.374+0000][3541][info ][gc,metaspace] GC(2) Metaspace: 20147K(20672K)->20147K(20672K) NonClass: 17913K(18240K)->17913K(18240K) Class: 2234K(2432K)->2234K(2432K)
[2023-07-08T02:19:23.374+0000][3541][info ][gc          ] GC(2) Pause Young (Normal) (G1 Evacuation Pause) 114M->15M(1852M) 2.220ms
[2023-07-08T02:19:23.374+0000][3541][info ][gc,cpu      ] GC(2) User=0.01s Sys=0.00s Real=0.00s
[2023-07-08T02:19:23.374+0000][3541][info ][safepoint   ] Safepoint "G1CollectForAllocation", Time since last: 311997598 ns, Reaching safepoint: 2797 ns, Cleanup: 147734 ns, At safepoint: 2287803 ns, Total: 2438334 ns
[2023-07-08T02:19:23.411+0000][3541][info ][gc,start    ] GC(3) Pause Young (Concurrent Start) (Metadata GC Threshold)
[2023-07-08T02:19:23.411+0000][3541][info ][gc,task     ] GC(3) Using 4 workers of 4 for evacuation
[2023-07-08T02:19:23.411+0000][3541][debug][gc,age      ] GC(3) Desired survivor size 73400320 bytes, new threshold 15 (max threshold 15)
[2023-07-08T02:19:23.413+0000][3541][info ][gc,phases   ] GC(3)   Pre Evacuate Collection Set: 0.1ms
[2023-07-08T02:19:23.413+0000][3541][info ][gc,phases   ] GC(3)   Merge Heap Roots: 0.1ms
[2023-07-08T02:19:23.413+0000][3541][info ][gc,phases   ] GC(3)   Evacuate Collection Set: 1.5ms
[2023-07-08T02:19:23.413+0000][3541][info ][gc,phases   ] GC(3)   Post Evacuate Collection Set: 0.3ms
[2023-07-08T02:19:23.413+0000][3541][info ][gc,phases   ] GC(3)   Other: 0.1ms
[2023-07-08T02:19:23.413+0000][3541][trace][gc,age      ] GC(3) Age table with threshold 15 (max threshold 15)
[2023-07-08T02:19:23.413+0000][3541][trace][gc,age      ] GC(3) - age   1:     312976 bytes,     312976 total
[2023-07-08T02:19:23.413+0000][3541][trace][gc,age      ] GC(3) - age   2:    2057120 bytes,    2370096 total
[2023-07-08T02:19:23.413+0000][3541][trace][gc,age      ] GC(3) - age   3:    1571136 bytes,    3941232 total
[2023-07-08T02:19:23.413+0000][3541][info ][gc,heap     ] GC(3) Eden regions: 1->0(99)
[2023-07-08T02:19:23.413+0000][3541][info ][gc,heap     ] GC(3) Survivor regions: 1->2(35)
[2023-07-08T02:19:23.413+0000][3541][info ][gc,heap     ] GC(3) Old regions: 2->2
[2023-07-08T02:19:23.413+0000][3541][info ][gc,heap     ] GC(3) Archive regions: 2->2
[2023-07-08T02:19:23.413+0000][3541][info ][gc,heap     ] GC(3) Humongous regions: 0->0
[2023-07-08T02:19:23.413+0000][3541][info ][gc,metaspace] GC(3) Metaspace: 21017K(21504K)->21017K(21504K) NonClass: 18674K(18944K)->18674K(18944K) Class: 2343K(2560K)->2343K(2560K)
[2023-07-08T02:19:23.413+0000][3541][info ][gc          ] GC(3) Pause Young (Concurrent Start) (Metadata GC Threshold) 19M->15M(1852M) 2.242ms
[2023-07-08T02:19:23.413+0000][3541][info ][gc,cpu      ] GC(3) User=0.01s Sys=0.00s Real=0.01s
[2023-07-08T02:19:23.413+0000][3541][info ][gc          ] GC(4) Concurrent Mark Cycle
[2023-07-08T02:19:23.413+0000][3541][info ][gc,marking  ] GC(4) Concurrent Scan Root Regions
[2023-07-08T02:19:23.413+0000][3541][info ][safepoint   ] Safepoint "CollectForMetadataAllocation", Time since last: 36763576 ns, Reaching safepoint: 2488 ns, Cleanup: 46342 ns, At safepoint: 2426210 ns, Total: 2475040 ns
[2023-07-08T02:19:23.415+0000][3541][info ][gc,marking  ] GC(4) Concurrent Scan Root Regions 1.806ms
[2023-07-08T02:19:23.415+0000][3541][info ][gc,marking  ] GC(4) Concurrent Mark
[2023-07-08T02:19:23.415+0000][3541][info ][gc,marking  ] GC(4) Concurrent Mark From Roots
[2023-07-08T02:19:23.415+0000][3541][info ][gc,task     ] GC(4) Using 1 workers of 1 for marking
[2023-07-08T02:19:23.425+0000][3541][info ][safepoint   ] Safepoint "CollectForMetadataAllocation", Time since last: 11207361 ns, Reaching safepoint: 9829 ns, Cleanup: 40312 ns, At safepoint: 77712 ns, Total: 127853 ns
[2023-07-08T02:19:23.427+0000][3541][info ][gc,marking  ] GC(4) Concurrent Mark From Roots 11.900ms
[2023-07-08T02:19:23.427+0000][3541][info ][gc,marking  ] GC(4) Concurrent Preclean
[2023-07-08T02:19:23.427+0000][3541][info ][gc,marking  ] GC(4) Concurrent Preclean 0.033ms
[2023-07-08T02:19:23.428+0000][3541][info ][gc,start    ] GC(4) Pause Remark
[2023-07-08T02:19:23.433+0000][3541][info ][gc          ] GC(4) Pause Remark 17M->17M(1852M) 4.563ms
[2023-07-08T02:19:23.433+0000][3541][info ][gc,cpu      ] GC(4) User=0.01s Sys=0.00s Real=0.01s
[2023-07-08T02:19:23.433+0000][3541][info ][safepoint   ] Safepoint "G1PauseRemark", Time since last: 2996567 ns, Reaching safepoint: 511999 ns, Cleanup: 60790 ns, At safepoint: 4669916 ns, Total: 5242705 ns
[2023-07-08T02:19:23.433+0000][3541][info ][gc,marking  ] GC(4) Concurrent Mark 17.838ms
[2023-07-08T02:19:23.433+0000][3541][info ][gc,marking  ] GC(4) Concurrent Rebuild Remembered Sets and Scrub Regions
[2023-07-08T02:19:23.445+0000][3541][info ][gc,marking  ] GC(4) Concurrent Rebuild Remembered Sets and Scrub Regions 11.540ms
[2023-07-08T02:19:23.445+0000][3541][info ][gc,start    ] GC(4) Pause Cleanup
[2023-07-08T02:19:23.445+0000][3541][info ][gc          ] GC(4) Pause Cleanup 21M->21M(1852M) 0.089ms
[2023-07-08T02:19:23.445+0000][3541][info ][gc,cpu      ] GC(4) User=0.00s Sys=0.00s Real=0.00s
[2023-07-08T02:19:23.445+0000][3541][info ][safepoint   ] Safepoint "G1PauseCleanup", Time since last: 11637695 ns, Reaching safepoint: 339101 ns, Cleanup: 46193 ns, At safepoint: 141766 ns, Total: 527060 ns
[2023-07-08T02:19:23.445+0000][3541][info ][gc,marking  ] GC(4) Concurrent Clear Claimed Marks
[2023-07-08T02:19:23.445+0000][3541][info ][gc,marking  ] GC(4) Concurrent Clear Claimed Marks 0.030ms
[2023-07-08T02:19:23.445+0000][3541][info ][gc,marking  ] GC(4) Concurrent Cleanup for Next Mark
[2023-07-08T02:19:23.447+0000][3541][info ][gc,marking  ] GC(4) Concurrent Cleanup for Next Mark 1.840ms
[2023-07-08T02:19:23.447+0000][3541][info ][gc          ] GC(4) Concurrent Mark Cycle 33.777ms
[2023-07-08T02:19:23.995+0000][3541][info ][safepoint   ] Safepoint "ICBufferFull", Time since last: 550132548 ns, Reaching safepoint: 13505 ns, Cleanup: 178491 ns, At safepoint: 4090 ns, Total: 196086 ns
[2023-07-08T02:19:24.488+0000][3541][info ][gc,start    ] GC(5) Pause Young (Normal) (G1 Evacuation Pause)
[2023-07-08T02:19:24.488+0000][3541][info ][gc,task     ] GC(5) Using 4 workers of 4 for evacuation
[2023-07-08T02:19:24.488+0000][3541][debug][gc,age      ] GC(5) Desired survivor size 27262976 bytes, new threshold 15 (max threshold 15)
[2023-07-08T02:19:24.494+0000][3541][info ][gc,phases   ] GC(5)   Pre Evacuate Collection Set: 0.1ms
[2023-07-08T02:19:24.494+0000][3541][info ][gc,phases   ] GC(5)   Merge Heap Roots: 0.1ms
[2023-07-08T02:19:24.494+0000][3541][info ][gc,phases   ] GC(5)   Evacuate Collection Set: 4.8ms
[2023-07-08T02:19:24.494+0000][3541][info ][gc,phases   ] GC(5)   Post Evacuate Collection Set: 0.8ms
[2023-07-08T02:19:24.494+0000][3541][info ][gc,phases   ] GC(5)   Other: 0.1ms
[2023-07-08T02:19:24.494+0000][3541][trace][gc,age      ] GC(5) Age table with threshold 15 (max threshold 15)
[2023-07-08T02:19:24.494+0000][3541][trace][gc,age      ] GC(5) - age   1:    8289184 bytes,    8289184 total
[2023-07-08T02:19:24.494+0000][3541][trace][gc,age      ] GC(5) - age   2:     104968 bytes,    8394152 total
[2023-07-08T02:19:24.494+0000][3541][trace][gc,age      ] GC(5) - age   3:    2045288 bytes,   10439440 total
[2023-07-08T02:19:24.494+0000][3541][trace][gc,age      ] GC(5) - age   4:    1570736 bytes,   12010176 total
[2023-07-08T02:19:24.494+0000][3541][info ][gc,heap     ] GC(5) Eden regions: 99->0(106)
[2023-07-08T02:19:24.494+0000][3541][info ][gc,heap     ] GC(5) Survivor regions: 2->3(13)
[2023-07-08T02:19:24.494+0000][3541][info ][gc,heap     ] GC(5) Old regions: 2->2
[2023-07-08T02:19:24.494+0000][3541][info ][gc,heap     ] GC(5) Archive regions: 2->2
[2023-07-08T02:19:24.494+0000][3541][info ][gc,heap     ] GC(5) Humongous regions: 0->0
[2023-07-08T02:19:24.494+0000][3541][info ][gc,metaspace] GC(5) Metaspace: 26383K(27008K)->26383K(27008K) NonClass: 23304K(23680K)->23304K(23680K) Class: 3079K(3328K)->3079K(3328K)
[2023-07-08T02:19:24.494+0000][3541][info ][gc          ] GC(5) Pause Young (Normal) (G1 Evacuation Pause) 411M->23M(1852M) 5.993ms
[2023-07-08T02:19:24.494+0000][3541][info ][gc,cpu      ] GC(5) User=0.01s Sys=0.00s Real=0.01s
[2023-07-08T02:19:24.494+0000][3541][info ][safepoint   ] Safepoint "G1CollectForAllocation", Time since last: 492182166 ns, Reaching safepoint: 3299 ns, Cleanup: 147144 ns, At safepoint: 6052422 ns, Total: 6202865 ns
[2023-07-08T02:19:25.229+0000][3541][info ][safepoint   ] Safepoint "ICBufferFull", Time since last: 734666376 ns, Reaching safepoint: 3724 ns, Cleanup: 176731 ns, At safepoint: 26100 ns, Total: 206555 ns
[2023-07-08T02:19:25.587+0000][3541][info ][gc,start    ] GC(6) Pause Young (Normal) (G1 Evacuation Pause)
[2023-07-08T02:19:25.587+0000][3541][info ][gc,task     ] GC(6) Using 4 workers of 4 for evacuation
[2023-07-08T02:19:25.587+0000][3541][debug][gc,age      ] GC(6) Desired survivor size 29360128 bytes, new threshold 15 (max threshold 15)
[2023-07-08T02:19:25.598+0000][3541][info ][gc,phases   ] GC(6)   Pre Evacuate Collection Set: 0.2ms
[2023-07-08T02:19:25.598+0000][3541][info ][gc,phases   ] GC(6)   Merge Heap Roots: 0.1ms
[2023-07-08T02:19:25.598+0000][3541][info ][gc,phases   ] GC(6)   Evacuate Collection Set: 9.7ms
[2023-07-08T02:19:25.598+0000][3541][info ][gc,phases   ] GC(6)   Post Evacuate Collection Set: 0.8ms
[2023-07-08T02:19:25.598+0000][3541][info ][gc,phases   ] GC(6)   Other: 0.1ms
[2023-07-08T02:19:25.598+0000][3541][trace][gc,age      ] GC(6) Age table with threshold 15 (max threshold 15)
[2023-07-08T02:19:25.598+0000][3541][trace][gc,age      ] GC(6) - age   1:    9075016 bytes,    9075016 total
[2023-07-08T02:19:25.598+0000][3541][trace][gc,age      ] GC(6) - age   2:    7535568 bytes,   16610584 total
[2023-07-08T02:19:25.598+0000][3541][trace][gc,age      ] GC(6) - age   3:     104792 bytes,   16715376 total
[2023-07-08T02:19:25.598+0000][3541][trace][gc,age      ] GC(6) - age   4:    2043576 bytes,   18758952 total
[2023-07-08T02:19:25.598+0000][3541][trace][gc,age      ] GC(6) - age   5:    1570208 bytes,   20329160 total
[2023-07-08T02:19:25.598+0000][3541][info ][gc,heap     ] GC(6) Eden regions: 106->0(271)
[2023-07-08T02:19:25.598+0000][3541][info ][gc,heap     ] GC(6) Survivor regions: 3->6(14)
[2023-07-08T02:19:25.598+0000][3541][info ][gc,heap     ] GC(6) Old regions: 2->2
[2023-07-08T02:19:25.598+0000][3541][info ][gc,heap     ] GC(6) Archive regions: 2->2
[2023-07-08T02:19:25.598+0000][3541][info ][gc,heap     ] GC(6) Humongous regions: 0->0
[2023-07-08T02:19:25.598+0000][3541][info ][gc,metaspace] GC(6) Metaspace: 33258K(34048K)->33258K(34048K) NonClass: 29398K(29824K)->29398K(29824K) Class: 3859K(4224K)->3859K(4224K)
[2023-07-08T02:19:25.598+0000][3541][info ][gc          ] GC(6) Pause Young (Normal) (G1 Evacuation Pause) 447M->32M(1852M) 11.123ms
[2023-07-08T02:19:25.598+0000][3541][info ][gc,cpu      ] GC(6) User=0.02s Sys=0.00s Real=0.01s
[2023-07-08T02:19:25.598+0000][3541][info ][safepoint   ] Safepoint "G1CollectForAllocation", Time since last: 358273842 ns, Reaching safepoint: 3011 ns, Cleanup: 250728 ns, At safepoint: 11189461 ns, Total: 11443200 ns
[2023-07-08T02:19:26.159+0000][3541][info ][gc,start    ] GC(7) Pause Young (Concurrent Start) (Metadata GC Threshold)
[2023-07-08T02:19:26.159+0000][3541][info ][gc,task     ] GC(7) Using 4 workers of 4 for evacuation
[2023-07-08T02:19:26.159+0000][3541][debug][gc,age      ] GC(7) Desired survivor size 73400320 bytes, new threshold 15 (max threshold 15)
[2023-07-08T02:19:26.173+0000][3541][info ][gc,phases   ] GC(7)   Pre Evacuate Collection Set: 0.1ms
[2023-07-08T02:19:26.173+0000][3541][info ][gc,phases   ] GC(7)   Merge Heap Roots: 0.0ms
[2023-07-08T02:19:26.173+0000][3541][info ][gc,phases   ] GC(7)   Evacuate Collection Set: 13.0ms
[2023-07-08T02:19:26.173+0000][3541][info ][gc,phases   ] GC(7)   Post Evacuate Collection Set: 0.7ms
[2023-07-08T02:19:26.173+0000][3541][info ][gc,phases   ] GC(7)   Other: 0.1ms
[2023-07-08T02:19:26.173+0000][3541][trace][gc,age      ] GC(7) Age table with threshold 15 (max threshold 15)
[2023-07-08T02:19:26.173+0000][3541][trace][gc,age      ] GC(7) - age   1:    4383760 bytes,    4383760 total
[2023-07-08T02:19:26.173+0000][3541][trace][gc,age      ] GC(7) - age   2:    8088392 bytes,   12472152 total
[2023-07-08T02:19:26.173+0000][3541][trace][gc,age      ] GC(7) - age   3:    7516152 bytes,   19988304 total
[2023-07-08T02:19:26.173+0000][3541][trace][gc,age      ] GC(7) - age   4:     104408 bytes,   20092712 total
[2023-07-08T02:19:26.173+0000][3541][trace][gc,age      ] GC(7) - age   5:    2039760 bytes,   22132472 total
[2023-07-08T02:19:26.173+0000][3541][trace][gc,age      ] GC(7) - age   6:    1425208 bytes,   23557680 total
[2023-07-08T02:19:26.173+0000][3541][info ][gc,heap     ] GC(7) Eden regions: 78->0(270)
[2023-07-08T02:19:26.173+0000][3541][info ][gc,heap     ] GC(7) Survivor regions: 6->7(35)
[2023-07-08T02:19:26.173+0000][3541][info ][gc,heap     ] GC(7) Old regions: 2->2
[2023-07-08T02:19:26.173+0000][3541][info ][gc,heap     ] GC(7) Archive regions: 2->2
[2023-07-08T02:19:26.173+0000][3541][info ][gc,heap     ] GC(7) Humongous regions: 0->0
[2023-07-08T02:19:26.173+0000][3541][info ][gc,metaspace] GC(7) Metaspace: 35603K(36480K)->35603K(36480K) NonClass: 31436K(31936K)->31436K(31936K) Class: 4167K(4544K)->4167K(4544K)
[2023-07-08T02:19:26.173+0000][3541][info ][gc          ] GC(7) Pause Young (Concurrent Start) (Metadata GC Threshold) 344M->36M(1852M) 14.885ms
[2023-07-08T02:19:26.174+0000][3541][info ][gc,cpu      ] GC(7) User=0.03s Sys=0.01s Real=0.02s
[2023-07-08T02:19:26.174+0000][3541][info ][gc          ] GC(8) Concurrent Mark Cycle
[2023-07-08T02:19:26.174+0000][3541][info ][gc,marking  ] GC(8) Concurrent Scan Root Regions
[2023-07-08T02:19:26.177+0000][3541][info ][safepoint   ] Safepoint "CollectForMetadataAllocation", Time since last: 560001717 ns, Reaching safepoint: 2841 ns, Cleanup: 133604 ns, At safepoint: 18199998 ns, Total: 18336443 ns
[2023-07-08T02:19:26.182+0000][3541][info ][gc,marking  ] GC(8) Concurrent Scan Root Regions 8.870ms
[2023-07-08T02:19:26.182+0000][3541][info ][gc,marking  ] GC(8) Concurrent Mark
[2023-07-08T02:19:26.182+0000][3541][info ][gc,marking  ] GC(8) Concurrent Mark From Roots
[2023-07-08T02:19:26.182+0000][3541][info ][gc,task     ] GC(8) Using 1 workers of 1 for marking
[2023-07-08T02:19:26.192+0000][3541][info ][gc,marking  ] GC(8) Concurrent Mark From Roots 9.689ms
[2023-07-08T02:19:26.192+0000][3541][info ][gc,marking  ] GC(8) Concurrent Preclean
[2023-07-08T02:19:26.192+0000][3541][info ][gc,marking  ] GC(8) Concurrent Preclean 0.033ms
[2023-07-08T02:19:26.193+0000][3541][info ][gc,start    ] GC(8) Pause Remark
[2023-07-08T02:19:26.200+0000][3541][info ][gc          ] GC(8) Pause Remark 42M->42M(1852M) 7.315ms
[2023-07-08T02:19:26.200+0000][3541][info ][gc,cpu      ] GC(8) User=0.01s Sys=0.00s Real=0.00s
[2023-07-08T02:19:26.200+0000][3541][info ][safepoint   ] Safepoint "G1PauseRemark", Time since last: 15974081 ns, Reaching safepoint: 3047 ns, Cleanup: 65088 ns, At safepoint: 7398299 ns, Total: 7466434 ns
[2023-07-08T02:19:26.200+0000][3541][info ][gc,marking  ] GC(8) Concurrent Mark 17.798ms
[2023-07-08T02:19:26.200+0000][3541][info ][gc,marking  ] GC(8) Concurrent Rebuild Remembered Sets and Scrub Regions
[2023-07-08T02:19:26.204+0000][3541][info ][gc,marking  ] GC(8) Concurrent Rebuild Remembered Sets and Scrub Regions 3.939ms
[2023-07-08T02:19:26.205+0000][3541][info ][gc,start    ] GC(8) Pause Cleanup
[2023-07-08T02:19:26.205+0000][3541][info ][gc          ] GC(8) Pause Cleanup 42M->42M(1852M) 0.212ms
[2023-07-08T02:19:26.205+0000][3541][info ][gc,cpu      ] GC(8) User=0.00s Sys=0.00s Real=0.00s
[2023-07-08T02:19:26.205+0000][3541][info ][safepoint   ] Safepoint "G1PauseCleanup", Time since last: 4135138 ns, Reaching safepoint: 295759 ns, Cleanup: 144313 ns, At safepoint: 272359 ns, Total: 712431 ns
[2023-07-08T02:19:26.205+0000][3541][info ][gc,marking  ] GC(8) Concurrent Clear Claimed Marks
[2023-07-08T02:19:26.205+0000][3541][info ][gc,marking  ] GC(8) Concurrent Clear Claimed Marks 0.097ms
[2023-07-08T02:19:26.205+0000][3541][info ][gc,marking  ] GC(8) Concurrent Cleanup for Next Mark
[2023-07-08T02:19:26.207+0000][3541][info ][gc,marking  ] GC(8) Concurrent Cleanup for Next Mark 2.184ms
[2023-07-08T02:19:26.208+0000][3541][info ][gc          ] GC(8) Concurrent Mark Cycle 33.953ms
[2023-07-08T02:19:27.074+0000][3541][info ][safepoint   ] Safepoint "ICBufferFull", Time since last: 868947545 ns, Reaching safepoint: 4551 ns, Cleanup: 185977 ns, At safepoint: 32218 ns, Total: 222746 ns
[2023-07-08T02:19:27.541+0000][3541][info ][safepoint   ] Safepoint "ICBufferFull", Time since last: 467009549 ns, Reaching safepoint: 3893 ns, Cleanup: 96412 ns, At safepoint: 3169 ns, Total: 103474 ns
[2023-07-08T02:19:28.542+0000][3541][info ][safepoint   ] Safepoint "Cleanup", Time since last: 1000144019 ns, Reaching safepoint: 577660 ns, Cleanup: 105325 ns, At safepoint: 41468 ns, Total: 724453 ns
[2023-07-08T02:19:29.169+0000][3541][info ][safepoint   ] Safepoint "ICBufferFull", Time since last: 627114538 ns, Reaching safepoint: 4596 ns, Cleanup: 143642 ns, At safepoint: 19024 ns, Total: 167262 ns
[2023-07-08T02:19:29.267+0000][3541][info ][gc,heap,exit] Heap
[2023-07-08T02:19:29.267+0000][3541][info ][gc,heap,exit]  garbage-first heap   total 1896448K, used 459685K [0x000000008c400000, 0x0000000100000000)
[2023-07-08T02:19:29.267+0000][3541][info ][gc,heap,exit]   region size 4096K, 110 young (450560K), 7 survivors (28672K)
[2023-07-08T02:19:29.267+0000][3541][info ][gc,heap,exit]  Metaspace       used 50649K, committed 52032K, reserved 1114112K
[2023-07-08T02:19:29.267+0000][3541][info ][gc,heap,exit]   class space    used 6241K, committed 6848K, reserved 1048576K
